
Connecting to 3s0s50t248bag ...

Warning: Permanently added 'paseo-ios.devbox.namespace' (RSA) to the list of known hosts.
Tapped (398, 118)
Tapped id="menu-button" (24, 98)
settled after 2154ms: +187 -7 (~123 unchanged)
+ @e2 [window]
+ @e4 [other] "Close menu"
+ @e5 [button] "Close menu"
+ @e127 [other] "Close sidebar"
+ @e128 [button] "Close sidebar"
+ @e129 [button] "New workspace"
+ @e130 [button] "History"
+ @e131 [button] "Search"
+ @e132 [button] "Schedules"
+ @e133 [scroll-area] "Pinned"
+ @e134 [other] "Pinned"
+ @e135 [button] "Pinned"
+ @e136 [scroll-area]
+ @e137 [cell] "skills, Skills"
+ @e138 [button] "skills, Skills"
+ @e139 [button] "Workspace actions"
+ @e140 [other] "hub, Hub"
+ @e141 [button] "hub, Hub"
+ @e142 [button] "Workspace actions"
+ @e143 [other] "assistant, Assistant"
+ @e144 [button] "assistant, Assistant"
+ @e145 [button] "Workspace actions"
+ @e146 [other] "paseo, Paseo"
+ @e147 [button] "paseo, Paseo"
+ @e148 [button] "Workspace actions"
+ @e149 [text] "Workspaces"
+ @e150 [button] "Display preferences"
+ @e151 [scroll-area] "Create a new workspace for assistant"
+ @e152 [other] "admiring-hamster, Create a new workspace for admiring-hamster, Project actions"
+ @e153 [button] "admiring-hamster, Create a new workspace for admiring-hamster, Project actions"
+ @e154 [button] "Create a new workspace for admiring-hamster"
+ @e155 [button] "Project actions"
+ @e156 [scroll-area]
+ @e157 [cell] "fix/terminal-keyboard-flicker, Pull request #4469"
+ @e158 [button] "fix/terminal-keyboard-flicker, Pull request #4469"
+ @e159 [button] "Workspace actions"
+ @e160 [link] "Pull request #4469"
+ @e161 [other] "Checks passed"
+ @e162 [cell] "A, assistant, Create a new workspace for assistant, Project actions"
+ @e163 [button] "A, assistant, Create a new workspace for assistant, Project actions"
+ @e164 [button] "Create a new workspace for assistant"
+ @e165 [button] "Project actions"
+ @e166 [button] "Create a new workspace for assistant"
+ @e167 [cell] "C, composer-dock-ios-fixture, Create a new workspace for composer-dock-ios-fixture, Project actions"
+ @e168 [button] "C, composer-dock-ios-fixture, Create a new workspace for composer-dock-ios-fixture, Project actions"
+ @e169 [button] "Create a new workspace for composer-dock-ios-fixture"
+ @e170 [button] "Project actions"
+ @e171 [scroll-area]
+ @e172 [other] "main"
+ @e173 [button] "main"
+ @e174 [button] "Workspace actions"
+ @e175 [cell] "editor, Create a new workspace for editor, Project actions"
+ @e176 [button] "editor, Create a new workspace for editor, Project actions"
+ @e177 [button] "Create a new workspace for editor"
+ @e178 [button] "Project actions"
+ @e179 [scroll-area]
+ @e180 [cell] "Find Blank Page PR pending review"
+ @e181 [button] "Find Blank Page PR pending review"
+ @e182 [button] "Workspace actions"
+ @e183 [cell] "Review #871 — sharing and handle flow, Pull request #871"
+ @e184 [button] "Review #871 — sharing and handle flow, Pull request #871"
+ @e185 [button] "Workspace actions"
+ @e186 [other] "Checks passed"
+ @e187 [cell] "G, greasy-yak, Create a new workspace for greasy-yak, Project actions"
+ @e188 [button] "G, greasy-yak, Create a new workspace for greasy-yak, Project actions"
+ @e189 [button] "Create a new workspace for greasy-yak"
+ @e190 [button] "Project actions"
+ @e191 [button] "Create a new workspace for greasy-yak"
+ @e192 [other] "H, hub, Create a new workspace for hub, Project actions"
+ @e193 [button] "H, hub, Create a new workspace for hub, Project actions"
+ @e194 [button] "Create a new workspace for hub"
+ @e195 [button] "Project actions"
+ @e196 [scroll-area]
+ @e197 [cell] "Fix hosted GitHub reply registration, Pull request #122"
+ @e198 [button] "Fix hosted GitHub reply registration, Pull request #122"
+ @e199 [button] "Workspace actions"
+ @e200 [link] "Pull request #122"
+ @e201 [other] "Checks passed"
+ @e202 [cell] "Steer existing agents by trigger context, Pull request #118"
+ @e203 [button] "Steer existing agents by trigger context, Pull request #118"
… changed lines truncated
Tapped id="sidebar-global-new-workspace" (201, 86)
settled after 834ms: +10 -304 (~6 unchanged)
- @e3 [other] "Switch tabs (2 open)"
- @e4 [other] "Close menu"
- @e5 [button] "Close menu"
- @e6 [other] "main"
- @e7 [text] "composer-dock-ios-fixture"
- @e8 [text] "·"
- @e9 [other] "dev-new"
- @e10 [text] "dev-new"
- @e11 [button] "Workspace actions"
- @e12 [button] "Open Explorer sidebar"
- @e13 [button] "Switch tabs (2 open)"
- @e14 [other] "Add attachment"
+ @e3 [other] "Open menu"
+ @e4 [button] "Open menu"
+ @e5 [other] "New workspace"
+ @e6 [button] "Workspace project"
+ @e7 [text] "C"
+ @e8 [button] "Workspace isolation"
+ @e9 [button] "Choose what to launch"
- @e16 [other] "Scroll to bottom"
- @e17 [scroll-area] "Thinking"
- @e18 [other] "Native scroll fixture 0: distinct history row after submitting from a dock host.
Native scroll fixture 1: distinct history row after submitting from a dock host.
Native scroll fixture 2: distinct history row after submitting from a dock host.
Native scroll fixture 3: distinct history row after submitting from a dock host.
Native scroll fixture 4: distinct history row after submitting from a dock host.
Native scroll fixture 5: distinct history row after submitting from a dock host.
Native scroll fixture 6: distinct history row after submitting from a dock host.
Native scroll fixture 7: distinct history row after submitting from a dock host.
Native scroll fixture 8: distinct history row after submitting from a dock host.
Native scroll fixture 9: distinct history row after submitting from a dock host.
Native scroll fixture 10: distinct history row after submitting from a dock host.
Native scroll fixture 11: distinct history row after submitting from a dock host.
Native scroll fixture 12: distinct history row after submitting from a dock host.
Native scroll fixture 13: distinct history row after submitting from a dock host.
Native scroll fixture 14: distinct history row after submitting from a dock host.
Native scroll fixture 15: distinct history row after submitting from a dock host.
Native scroll fixture 16: distinct history row after submitting from a dock host.
Native scroll fixture 17: distinct history row after submitting from a dock host.
Native scroll fixture 18: distinct history row after submitting from a dock host.
Native scroll fixture 19: distinct history row after submitting from a dock host.
Native scroll fixture 20: distinct history row after submitting from a dock host.
Native scroll fixture 21: distinct history row after submitting from a dock host.
Native scroll fixture 22: distinct history row after submitting from a dock host.
Native scroll fixture 23: distinct history row after submitting from a dock host.
Native scroll fixture 24: distinct history row after submitting from a dock host.
Native scroll fixture 25: distinct history row after submitting from a dock host.
Native scroll fixture 26: distinct history row after submitting from a dock host.
Native scroll fixture 27: distinct history row after submitting from a dock host.
Native scroll fixture 28: distinct history row after submitting from a dock host.
Native scroll fixture 29: distinct history row after submitting from a dock host.
Native scroll fixture 30: distinct history row after submitting from a dock host.
Native scroll fixture 31: distinct history row after submitting from a dock host.
Native scroll fixture 32: distinct history row after submitting from a dock host.
Native scroll fixture 33: distinct history row after submitting from a dock host.
Native scroll fixture 34: distinct history row after submitting from a dock host.
Native scroll fixture 35: distinct history row after submitting from a dock host.
Native scroll fixture 36: distinct history row after submitting from a dock host.
Native scroll fixture 37: distinct history row after submitting from a dock host.
Native scroll fixture 38: distinct history row after submitting from a dock host.
Native scroll fixture 39: distinct history row after submitting from a dock host.
Native scroll fixture 40: distinct history row after submitting from a dock host.
Native scroll fixture 41: distinct history row after submitting from a dock host.
Native scroll fixture 42: distinct history row after submitting from a dock host.
Native scroll fi"
- @e19 [text] "8:53 PM"
- @e20 [button] "Rewind to this message"
- @e21 [button] "Copy message"
- @e22 [other] "Cycle 1"
- @e23 [text-view] "Cycle 1"
- @e24 [text-view] "Cycle 1"
- @e25 [other] "I'll take a look at the scroll anchor behavior you described. Let me start by walking through how the conversation list currently handles streaming updates and where the auto-scroll logic actually lives. My instinct is that the anchor is supposed to pin to the bottom only when the user is already there, but I want to confirm that against the code rather than guess. This kind of behavior is usually a thin layout effect over a ref, and the bugs tend to come from event ordering rather than the math itself, so"
- @e26 [text-view] "I'll take a look at the scroll anchor behavior you described. Let me start by walking through how the conversation list currently handles streaming updates and where the auto-scroll logic actually lives. My instinct is that the anchor is supposed to pin to the bottom only when the user is already there, but I want to confirm that against the code rather than guess. This kind of behavior is usually a thin layout effect over a ref, and the bugs tend to come from event ordering rather than the math itself, so"
- @e27 [text-view] "I'll take a look at the scroll anchor behavior you described. Let me start by walking through how the conversation list currently handles streaming updates and where the auto-scroll logic actually lives. My instinct is that the anchor is supposed to pin to the bottom only when the user is already there, but I want to confirm that against the code rather than guess. This kind of behavior is usually a thin layout effect over a ref, and the bugs tend to come from event ordering rather than the math itself, so the first useful step is to read the relevant files."
- @e28 [other] "Thinking"
- @e29 [button] "Thinking"
- @e30 [other] "Read, packages/app/src/components/conversation-list.tsx"
- @e31 [button] "Read, packages/app/src/components/conversation-list.tsx"
- @e32 [other] "Search, scrollToEnd"
- @e33 [button] "Search, scrollToEnd"
- @e34 [other] "Now I have a clearer picture. The auto-scroll uses a ref on the FlatList and tracks whether the user has scrolled away from the bottom by comparing the offset against the content size. There are a few subtle issues worth flagging before we change anything:"
- @e35 [text-view] "Now I have a clearer picture. The auto-scroll uses a ref on the FlatList and tracks whether the user has scrolled away from the bottom by comparing the offset against the content size. There are a few subtle issues worth flagging before we change anything:"
- @e36 [text-view] "Now I have a clearer picture. The auto-scroll uses a ref on the FlatList and tracks whether the user has scrolled away from the bottom by comparing the offset against the content size. There are a few subtle issues worth flagging before we change anything:"
- @e37 [text] "•"
- @e38 [cell] "The threshold for 'near the bottom' is hardcoded at 80px, which feels too tight on dense content where headers and tool calls take up a lot of vertical space."
- @e39 [text-view] "The threshold for 'near the bottom' is hardcoded at 80px, which feels too tight on dense content where headers and tool calls take up a lot of vertical space."
- @e40 [text-view] "The threshold for 'near the bottom' is hardcoded at 80px, which feels too tight on dense content where headers and tool calls take up a lot of vertical space."
- @e41 [text] "•"
- @e42 [cell] "We rely on onContentSizeChange to detect new content, but that fires after layout, not as the streaming delta arrives, so we end up scrolling one frame late on fast streams."
- @e43 [text-view] "We rely on onContentSizeChange to detect new content, but that fires after layout, not as the streaming delta arrives, so we end up scrolling one frame late on fast streams."
- @e44 [text-view] "We rely on onContentSizeChange to detect new content, but that fires after layout, not as the streaming delta arrives, so we end up scrolling one frame late on fast streams."
- @e45 [text] "•"
- @e46 [cell] "The gesture handler does not pause scroll-to-bottom while the user is actively dragging, which means a drag in progress can be visually overridden mid-frame."
- @e47 [text-view] "The gesture handler does not pause scroll-to-bottom while the user is actively dragging, which means a drag in progress can be visually overridden mid-frame."
- @e48 [text-view] "The gesture handler does not pause scroll-to-bottom while the user is actively dragging, which means a drag in progress can be visually overridden mid-frame."
- @e49 [text] "•"
- @e50 [cell] "Coalescing happens upstream, so the FlatList sees fewer updates than the wire — but each batch can still cause a relayout."
- @e51 [text-view] "Coalescing happens upstream, so the FlatList sees fewer updates than the wire — but each batch can still cause a relayout."
- @e52 [text-view] "Coalescing happens upstream, so the FlatList sees fewer updates than the wire — but each batch can still cause a relayout."
- @e53 [cell] "Let me make a small adjustment to the threshold and add a flag for active gestures, then run a quick command to confirm the order of events when streaming is fast."
- @e54 [text-view] "Let me make a small adjustment to the threshold and add a flag for active gestures, then run a quick command to confirm the order of events when streaming is fast."
- @e55 [other] "Edit, packages/app/src/hooks/use-scroll-anchor.ts"
- @e56 [button] "Edit, packages/app/src/hooks/use-scroll-anchor.ts"
- @e57 [other] "Shell, node scripts/simulate-stream-burst.mjs"
- @e58 [button] "Shell, node scripts/simulate-stream-burst.mjs"
- @e59 [other] "The change should keep scroll-to-bottom working when the user is at the bottom while not yanking the viewport when they are reading earlier messages. The bash output confirms the userIsAtBottom flag flips correctly during a simulated streaming burst, and the gesture flag suppresses scroll while a drag is active. If you want, I can follow up with a regression test that drives the FlatList with synthetic deltas at high frequency to lock in the behavior. For now, I'll stop here so you can take a look.## Cycle"
- @e60 [text-view] "The change should keep scroll-to-bottom working when the user is at the bottom while not yanking the viewport when they are reading earlier messages. The bash output confirms the userIsAtBottom flag flips correctly during a simulated streaming burst, and the gesture flag suppresses scroll while a drag is active. If you want, I can follow up with a regression test that drives the FlatList with synthetic deltas at high frequency to lock in the behavior. For now, I'll stop here so you can take a look.## Cycle"
- @e61 [text-view] "The change should keep scroll-to-bottom working when the user is at the bottom while not yanking the viewport when they are reading earlier messages. The bash output confirms the userIsAtBottom flag flips correctly during a simulated streaming burst, and the gesture flag suppresses scroll while a drag is active. If you want, I can follow up with a regression test that drives the FlatList with synthetic deltas at high frequency to lock in the behavior. For now, I'll stop here so you can take a look.## Cycle 2"
- @e62 [other] "I'll take a look at the scroll anchor behavior you described. Let me start by walking through how the conversation list currently handles streaming updates and where the auto-scroll logic actually lives. My instinct is that the anchor is supposed to pin to the bottom only when the user is already there, but I want to confirm that against the code rather than guess. This kind of behavior is usually a thin layout effect over a ref, and the bugs tend to come from event ordering rather than the math itself, so"
- @e63 [text-view] "I'll take a look at the scroll anchor behavior you described. Let me start by walking through how the conversation list currently handles streaming updates and where the auto-scroll logic actually lives. My instinct is that the anchor is supposed to pin to the bottom only when the user is already there, but I want to confirm that against the code rather than guess. This kind of behavior is usually a thin layout effect over a ref, and the bugs tend to come from event ordering rather than the math itself, so"
- @e64 [text-view] "I'll take a look at the scroll anchor behavior you described. Let me start by walking through how the conversation list currently handles streaming updates and where the auto-scroll logic actually lives. My instinct is that the anchor is supposed to pin to the bottom only when the user is already there, but I want to confirm that against the code rather than guess. This kind of behavior is usually a thin layout effect over a ref, and the bugs tend to come from event ordering rather than the math itself, so the first useful step is to read the relevant files."
- @e65 [other] "Thinking"
- @e66 [button] "Thinking"
- @e67 [other] "Read, packages/app/src/components/conversation-list.tsx"
- @e68 [button] "Read, packages/app/src/components/conversation-list.tsx"
- @e69 [other] "Search, scrollToEnd"
- @e70 [button] "Search, scrollToEnd"
- @e71 [other] "Now I have a clearer picture. The auto-scroll uses a ref on the FlatList and tracks whether the user has scrolled away from the bottom by comparing the offset against the content size. There are a few subtle issues worth flagging before we change anything:"
- @e72 [text-view] "Now I have a clearer picture. The auto-scroll uses a ref on the FlatList and tracks whether the user has scrolled away from the bottom by comparing the offset against the content size. There are a few subtle issues worth flagging before we change anything:"
- @e73 [text] "•"
+ @e13 [other] "Select model (Select model)"
+ @e14 [button] "Select model (Select model)"
+ @e16 [button] "Create"
… changed lines truncated
Filled 1 chars
Tapped (370, 465)
Long pressed (376, 720)
Tapped (4, 370)
Filled 131 chars
/Volumes/devbox/workspace/composer-scroll-ios-evidence/new-workspace-cap-open.png (402x874 @1x)
Tapped (398, 118)
/Volumes/devbox/workspace/composer-scroll-ios-evidence/new-workspace-header-dismissed.png (402x874 @1x)
Tapped @e54 (201, 609)
Error (TEXT_ENTRY_MISMATCH): text entry verification failed: expected "x", observed "x
seventeen
eighteen
nineteen
twenty"
Hint: Retry with --debug and inspect diagnostics log for details.
Diagnostic ID: mu4l31h0-f92c6619
Diagnostics Log: /Users/runner/.agent-device/sessions/composer-scroll-ios/runner.log
Tapped (370, 465)
Long pressed (376, 720)
PASS iOS host=new-workspace: content/header dismissal, cap close/reopen 333pt, empty/reset 30pt, header/keyboard bounds
