
> @getpaseo/app@0.10.0 test:e2e
> playwright test --project=browser --config .dev/playwright-qa.config.ts e2e/browser/file-editing.spec.ts --grep toggles comments --workers=1

[metro] Starting project at <worktrees>/3494/packages/app
[metro] Using src/app as the root directory for Expo Router.
[metro] Experimental Expo Autolinking module resolver is enabled.
[metro] React Compiler enabled
[metro] Starting Metro Bundler
[metro] Waiting on http://localhost:59128
[metro] Logs for your project will appear below.
[metro] | (node:35595) Warning: The 'NO_COLOR' env is ignored due to the 'FORCE_COLOR' env being set.
[metro] | (Use `node --trace-warnings ...` to show where the warning was created)
[metro] Web Bundled 2334ms packages/app/index.ts (5150 modules)
[e2e] Metro warmed on port 59128

Running 1 test using 1 worker

(node:36108) Warning: The 'NO_COLOR' env is ignored due to the 'FORCE_COLOR' env being set.
(Use `node --trace-warnings ...` to show where the warning was created)
(node:36108) Warning: The 'NO_COLOR' env is ignored due to the 'FORCE_COLOR' env being set.
(Use `node --trace-warnings ...` to show where the warning was created)
[e2e] Worker 0 daemon started on port 59168, home: /var/folders/jb/1xg7njqx7gv03wvtmhx_mr2c0000gn/T/paseo-e2e-worker-0-dT0HZM
[metro] Web packages/app/index.ts ░░░░░░░░░░░░░░░░  0.0% (0/1)
[metro] Web Bundled 233ms packages/app/index.ts (1 module)
[metro]  LOG  [web] Logs will appear in the browser console
[metro] Web Bundled 36ms packages/app/src/attachments/web/indexeddb-attachment-store.ts (1 module)
[e2e] Worker 0 daemon stopped
  ✘  1 [browser] › e2e/browser/file-editing.spec.ts:99:7 › CodeMirror workspace file editing › toggles comments using each file language's tokens (15.2s)
[e2e] Metro stopped


  1) [browser] › e2e/browser/file-editing.spec.ts:99:7 › CodeMirror workspace file editing › toggles comments using each file language's tokens 

    Error: expect(locator).toHaveText(expected) failed

    Locator:  getByTestId('file-source-editor').filter({ visible: true }).locator('.cm-content')
    Expected: "// const value = 1;"
    Received: "const value = 1;"
    Timeout:  10000ms

    Call log:
      - Expect "toHaveText" with timeout 10000ms
      - waiting for getByTestId('file-source-editor').filter({ visible: true }).locator('.cm-content')
        14 × locator resolved to <div translate="no" role="textbox" autocorrect="off" spellcheck="false" class="cm-content" autocapitalize="off" aria-multiline="true" contenteditable="true" writingsuggestions="false">…</div>
           - unexpected value "const value = 1;"


      112 |       await editor(page).click();
      113 |       await editor(page).press("ControlOrMeta+/");
    > 114 |       await expect(editor(page)).toHaveText(source.commented);
          |                                  ^
      115 |       await expect.poll(() => readFile(path.join(workspace.repoPath, source.filename), "utf8"))
      116 |         .toBe(source.commented);
      117 |       await editor(page).press("ControlOrMeta+/");
        at <worktrees>/3494/packages/app/e2e/browser/file-editing.spec.ts:114:34

    attachment #1: screenshot (image/png) ──────────────────────────────────────────────────────────
    test-results/file-editing-CodeMirror-wo-c0c65-each-file-language-s-tokens-browser/test-failed-1.png
    ────────────────────────────────────────────────────────────────────────────────────────────────

    attachment #2: browser-console (text/plain) ────────────────────────────────────────────────────
    [console:info] %cDownload the React DevTools for a better development experience: https://react.dev/link/react-devtools font-weight:bold
    [console:log] Running application "main" with appParams:
     {rootTag: #root, hydrate: undefined} 
    Development-level warnings: ON.
    Performance optimizations: OFF.
    [co...
    ────────────────────────────────────────────────────────────────────────────────────────────────

    Error Context: test-results/file-editing-CodeMirror-wo-c0c65-each-file-language-s-tokens-browser/error-context.md

    attachment #4: trace (application/zip) ─────────────────────────────────────────────────────────
    test-results/file-editing-CodeMirror-wo-c0c65-each-file-language-s-tokens-browser/trace.zip
    Usage:

        npx playwright show-trace test-results/file-editing-CodeMirror-wo-c0c65-each-file-language-s-tokens-browser/trace.zip

    ────────────────────────────────────────────────────────────────────────────────────────────────

  1 failed
    [browser] › e2e/browser/file-editing.spec.ts:99:7 › CodeMirror workspace file editing › toggles comments using each file language's tokens 
npm error Lifecycle script `test:e2e` failed with error:
npm error code 1
npm error path <worktrees>/3494/packages/app
npm error workspace @getpaseo/app@0.10.0
npm error location <worktrees>/3494/packages/app
npm error command failed
npm error command sh -c playwright test --project=browser --config .dev/playwright-qa.config.ts e2e/browser/file-editing.spec.ts --grep 'toggles comments' --workers=1
