
> @getpaseo/app@0.10.0 test:e2e
> playwright test --project=browser --config .dev/playwright-qa.config.ts e2e/browser/file-editing.spec.ts --grep toggles comments --workers=1

[metro] Starting project at <worktrees>/3494/packages/app
[metro] Using src/app as the root directory for Expo Router.
[metro] Experimental Expo Autolinking module resolver is enabled.
[metro] React Compiler enabled
[metro] Starting Metro Bundler
[metro] Waiting on http://localhost:60358
[metro] Logs for your project will appear below.
[metro] Web Bundled 1345ms packages/app/index.ts (5150 modules)
[e2e] Metro warmed on port 60358

Running 1 test using 1 worker

(node:87449) Warning: The 'NO_COLOR' env is ignored due to the 'FORCE_COLOR' env being set.
(Use `node --trace-warnings ...` to show where the warning was created)
(node:87449) Warning: The 'NO_COLOR' env is ignored due to the 'FORCE_COLOR' env being set.
(Use `node --trace-warnings ...` to show where the warning was created)
[e2e] Worker 0 daemon started on port 60408, home: /var/folders/jb/1xg7njqx7gv03wvtmhx_mr2c0000gn/T/paseo-e2e-worker-0-sljsHb
[metro] Web packages/app/index.ts ░░░░░░░░░░░░░░░░  0.0% (0/1)
[metro] Web Bundled 156ms packages/app/index.ts (1 module)
[metro]  LOG  [web] Logs will appear in the browser console
[metro] Web Bundled 25ms packages/app/src/attachments/web/indexeddb-attachment-store.ts (1 module)
  ✓  1 [browser] › e2e/browser/file-editing.spec.ts:99:7 › CodeMirror workspace file editing › toggles comments using each file language's tokens (9.8s)
[e2e] Worker 0 daemon stopped
[e2e] Metro stopped

  1 passed (21.4s)
