
> @getpaseo/app@0.10.0 test:e2e
> playwright test --project=browser --config .dev/playwright-qa.config.ts e2e/browser/question-prompt-pagination.spec.ts --grep reported long choice --workers=1

[metro] Starting project at <worktrees>/3039/packages/app
[metro] Using src/app as the root directory for Expo Router.
[metro] Experimental Expo Autolinking module resolver is enabled.
[metro] React Compiler enabled
[metro] Starting Metro Bundler
[metro] Waiting on http://localhost:61936
[metro] Logs for your project will appear below.
[metro] Web Bundled 1171ms packages/app/index.ts (5150 modules)
[e2e] Metro warmed on port 61936

Running 1 test using 1 worker

(node:37472) Warning: The 'NO_COLOR' env is ignored due to the 'FORCE_COLOR' env being set.
(Use `node --trace-warnings ...` to show where the warning was created)
(node:37472) Warning: The 'NO_COLOR' env is ignored due to the 'FORCE_COLOR' env being set.
(Use `node --trace-warnings ...` to show where the warning was created)
[e2e] Worker 0 daemon started on port 61976, home: /var/folders/jb/1xg7njqx7gv03wvtmhx_mr2c0000gn/T/paseo-e2e-worker-0-u9aNgN
[metro] Web packages/app/index.ts ░░░░░░░░░░░░░░░░  0.0% (0/1)
[metro] Web Bundled 138ms packages/app/index.ts (1 module)
[metro]  LOG  [web] Logs will appear in the browser console
[metro] Web Bundled 25ms packages/app/src/attachments/web/indexeddb-attachment-store.ts (1 module)
Long choice geometry: 913 {"width":469,"scroll":469,"height":40,"line":20}
Long choice geometry: 913 {"width":469,"scroll":469,"height":60,"line":20}
Long choice geometry: 913 {"width":469,"scroll":469,"height":40,"line":20}
Long choice geometry: 390 {"width":282,"scroll":282,"height":80,"line":20}
Long choice geometry: 390 {"width":282,"scroll":282,"height":80,"line":20}
Long choice geometry: 390 {"width":282,"scroll":282,"height":60,"line":20}
  ✓  1 [browser] › e2e/browser/question-prompt-pagination.spec.ts:130:5 › displays the reported long choice descriptions without clipping (3.8s)
[e2e] Worker 0 daemon stopped
[e2e] Metro stopped

  1 passed (13.6s)
