
 RUN  v4.1.7 <worktrees>/4804

 ❯ packages/server/src/server/relay-transport.test.ts (7 tests | 1 failed) 11ms
     × releases a stalled encrypted data connection without restarting control 10ms

⎯⎯⎯⎯⎯⎯⎯ Failed Tests 1 ⎯⎯⎯⎯⎯⎯⎯

 FAIL  packages/server/src/server/relay-transport.test.ts > relay-transport control lifecycle > releases a stalled encrypted data connection without restarting control
AssertionError: expected +0 to be 1 // Object.is equality

- Expected
+ Received

- 1
+ 0

 ❯ packages/server/src/server/relay-transport.test.ts:168:36
    166|     stalled.open();
    167|     await vi.advanceTimersByTimeAsync(15_000);
    168|     expect(stalled.terminateCalls).toBe(1);
       |                                    ^
    169|     expect(attachments).toBe(0);
    170|     expect(control.terminateCalls).toBe(0);

⎯⎯⎯⎯⎯⎯⎯⎯⎯⎯⎯⎯⎯⎯⎯⎯⎯⎯⎯⎯⎯⎯⎯⎯[1/1]⎯


 Test Files  1 failed (1)
      Tests  1 failed (7)
   Start at  14:52:26
   Duration  182ms (transform 63ms, setup 0ms, import 103ms, tests 11ms, environment 0ms)

