
> @getpaseo/app@0.10.0 test:e2e
> playwright test --project=browser --config .dev/playwright-qa.config.ts e2e/browser/file-editing.spec.ts --grep jumps to each relative reference --workers=1

[metro] Starting project at <worktrees>/1302/packages/app
[metro] Using src/app as the root directory for Expo Router.
[metro] Experimental Expo Autolinking module resolver is enabled.
[metro] React Compiler enabled
[metro] Starting Metro Bundler
[metro] Waiting on http://localhost:61882
[metro] Logs for your project will appear below.
[metro] | (node:36064) Warning: The 'NO_COLOR' env is ignored due to the 'FORCE_COLOR' env being set.
[metro] | (Use `node --trace-warnings ...` to show where the warning was created)
[metro] Web Bundled 1403ms packages/app/index.ts (5151 modules)
[e2e] Metro warmed on port 61882

Running 1 test using 1 worker

(node:36288) Warning: The 'NO_COLOR' env is ignored due to the 'FORCE_COLOR' env being set.
(Use `node --trace-warnings ...` to show where the warning was created)
(node:36288) Warning: The 'NO_COLOR' env is ignored due to the 'FORCE_COLOR' env being set.
(Use `node --trace-warnings ...` to show where the warning was created)
[e2e] Worker 0 daemon started on port 61906, home: /var/folders/jb/1xg7njqx7gv03wvtmhx_mr2c0000gn/T/paseo-e2e-worker-0-zbscr1
[metro] Web packages/app/index.ts ░░░░░░░░░░░░░░░░  0.0% (0/1)
[metro] Web Bundled 166ms packages/app/index.ts (1 module)
[metro] Web Bundled 26ms packages/app/src/attachments/web/indexeddb-attachment-store.ts (1 module)
[metro]  LOG  [web] Logs will appear in the browser console
  ✓  1 [browser] › e2e/browser/file-editing.spec.ts:99:7 › CodeMirror workspace file editing › jumps to each relative reference to the same file (4.2s)
[e2e] Worker 0 daemon stopped
[e2e] Metro stopped

  1 passed (15.4s)
