
> @getpaseo/app@0.10.0 test:e2e
> playwright test --project=browser --config .dev/playwright-qa.config.ts e2e/browser/composer-attachments.spec.ts --grep pastes copied document|attaches, previews --workers=1

[metro] Starting project at <worktrees>/3851/packages/app
[metro] Using src/app as the root directory for Expo Router.
[metro] Experimental Expo Autolinking module resolver is enabled.
[metro] React Compiler enabled
[metro] Starting Metro Bundler
[metro] Waiting on http://localhost:61185
[metro] Logs for your project will appear below.
[metro] | (node:13780) Warning: The 'NO_COLOR' env is ignored due to the 'FORCE_COLOR' env being set.
[metro] | (Use `node --trace-warnings ...` to show where the warning was created)
[metro] Web Bundled 1212ms packages/app/index.ts (5150 modules)
[e2e] Metro warmed on port 61185

Running 2 tests using 1 worker

(node:13793) Warning: The 'NO_COLOR' env is ignored due to the 'FORCE_COLOR' env being set.
(Use `node --trace-warnings ...` to show where the warning was created)
(node:13793) Warning: The 'NO_COLOR' env is ignored due to the 'FORCE_COLOR' env being set.
(Use `node --trace-warnings ...` to show where the warning was created)
[e2e] Worker 0 daemon started on port 61201, home: /var/folders/jb/1xg7njqx7gv03wvtmhx_mr2c0000gn/T/paseo-e2e-worker-0-aHsQzt
[metro] Web packages/app/index.ts ░░░░░░░░░░░░░░░░  0.0% (0/1)
[metro] Web Bundled 141ms packages/app/index.ts (1 module)
[metro]  LOG  [web] Logs will appear in the browser console
[metro] Web Bundled 23ms packages/app/src/attachments/web/indexeddb-attachment-store.ts (1 module)
  ✓  1 [browser] › e2e/browser/composer-attachments.spec.ts:57:7 › Composer attachments › pastes copied document text instead of its image representation (3.5s)
[metro] Web Bundled 140ms packages/app/index.ts (1 module)
[metro] Web Bundled 4ms packages/app/src/attachments/web/indexeddb-attachment-store.ts (1 module)
[metro]  LOG  [web] Logs will appear in the browser console
  ✓  2 [browser] › e2e/browser/composer-attachments.spec.ts:174:7 › Composer attachments › attaches, previews, and removes an image before dropping a file (4.6s)
[e2e] Worker 0 daemon stopped
[e2e] Metro stopped

  2 passed (17.5s)
