=== Delete Command Tests ===

Test 1: delete --help shows options
✓ delete --help shows options

Test 2: delete requires ID, --all, or --cwd
Error: Agent ID required unless --all or --cwd is specified
Usage: paseo agent delete <id> | --all | --cwd <path>
✓ delete requires ID, --all, or --cwd

Test 3: delete handles daemon not running
Error: Cannot connect to daemon at localhost:58940: Transport closed (code 1006)
Check the selected endpoint and credentials. SSH transport does not install or start the daemon.
✓ delete handles daemon not running

Test 4: delete --all flag is accepted
Error: Cannot connect to daemon at localhost:58940: Transport closed (code 1006)
Check the selected endpoint and credentials. SSH transport does not install or start the daemon.
✓ delete --all flag is accepted

Test 5: delete --cwd flag is accepted
Error: Cannot connect to daemon at localhost:58940: Transport closed (code 1006)
Check the selected endpoint and credentials. SSH transport does not install or start the daemon.
✓ delete --cwd flag is accepted

Test 6: delete with ID and --host flag is accepted
Error: Cannot connect to daemon at localhost:58940: Transport closed (code 1006)
Check the selected endpoint and credentials. SSH transport does not install or start the daemon.
✓ delete with ID and --host flag is accepted

Test 7: paseo --help shows delete command
✓ paseo --help shows delete command

Test 8: -q (quiet) flag is accepted with delete
Error: Cannot connect to daemon at localhost:58940: Transport closed (code 1006)
Check the selected endpoint and credentials. SSH transport does not install or start the daemon.
✓ -q (quiet) flag is accepted with delete

(node:27701) ExperimentalWarning: Type Stripping is an experimental feature and might change at any time
(Use `node --trace-warnings ...` to show where the warning was created)
✓ --all removes active and archived agents from daemon history
✓ --cwd removes archived descendants and preserves agents outside the directory
=== All delete tests passed ===
